clientID=<CLIENT_ID
issuerURL=https://ISSUER_URL>
homeBaseDir=
allowedSSHSuffixes=[]