clientID=client_id
issuerURL=https://issuer.url.com
homeBaseDir=
allowedSSHSuffixes=[]